// Jest Snapshot v1, https://goo.gl/fbAQLP

exports[`should render Add Expense Correctly 1`] = `
<ExpenseForm
  onSubmit={[Function]}
/>
`;
